// Jest Snapshot v1, https://goo.gl/fbAQLP

exports[`Controls should match the snapshot 1`] = `
<div
  className="controls panel"
>
  <button
    className="toggle-btn"
    disabled={true}
    onClick={[Function]}
  >
    Lock Gate
  </button>
  <button
    className="toggle-btn"
    disabled={false}
    onClick={[Function]}
  >
    Close Gate
  </button>
</div>
`;
